[orgolife2.local/picual/index.html]
[backblue.gif]
[fade.gif]
[index.html]
[orgolife2.local/wp-content/uploads/elementor/thumbs/domain-registration-q2i60gllyosravaui1xks75em4x2doffijar1yyqus.png]
[orgolife2.local/wp-content/themes/astra/assets/css/minified/main.mina352.css]
[orgolife2.local/wp-includes/css/dist/block-library/style.minae48.css]
[orgolife2.local/wp-content/plugins/jetpack/jetpack_vendor/automattic/jetpack-videopress/build/block-editor/blocks/video/viewd197.css]
[orgolife2.local/wp-includes/js/mediaelement/mediaelementplayer-legacy.min1f61.css]
[orgolife2.local/wp-includes/js/mediaelement/wp-mediaelement.minae48.css]
[orgolife2.local/wp-content/plugins/woocommerce/packages/woocommerce-blocks/build/wc-blocks-vendors-style519f.css]
[orgolife2.local/feed/index.html]
[orgolife2.local/wp-content/plugins/woocommerce/packages/woocommerce-blocks/build/wc-blocks-style519f.css]
[orgolife2.local/comments/feed/index.html]
[orgolife2.local/wp-content/themes/astra/assets/css/minified/compatibility/woocommerce/woocommerce-layout-grid.mina352.css]
[orgolife2.local/wp-content/themes/astra/assets/css/minified/compatibility/woocommerce/woocommerce-smallscreen-grid.mina352.css]
[orgolife2.local/wp-content/themes/astra/assets/css/minified/compatibility/woocommerce/woocommerce-grid.mina352.css]
[orgolife2.local/wp-content/plugins/sitepress-multilingual-cms/templates/language-switchers/legacy-list-horizontal/style.min68b3.css]
[orgolife2.local/wp-content/plugins/elementor/assets/lib/eicons/css/elementor-icons.min3b94.css]
[orgolife2.local/wp-content/plugins/elementor/assets/css/frontend-lite.mine56c.css]
[orgolife2.local/wp-content/plugins/elementor/assets/lib/swiper/css/swiper.min48f5.css]
[orgolife2.local/wp-content/uploads/elementor/css/post-2466b10.css]
[orgolife2.local/wp-content/plugins/elementor-pro/assets/css/frontend-lite.min0fca.css]
[orgolife2.local/wp-content/uploads/elementor/css/globalc4bc.css]
[orgolife2.local/wp-content/uploads/elementor/css/post-2337417e.css]
[orgolife2.local/wp-content/uploads/elementor/css/post-275428b.css]
[orgolife2.local/wp-content/plugins/essential-addons-for-elementor-lite/assets/front-end/css/view/general.mina78f.css]
[orgolife2.local/wp-content/plugins/elementor/assets/lib/font-awesome/css/fontawesome.min52d5.css]
[orgolife2.local/wp-content/plugins/elementor/assets/lib/font-awesome/css/solid.min52d5.css]
[orgolife2.local/wp-content/plugins/elementor/assets/lib/font-awesome/css/brands.min52d5.css]
[orgolife2.local/wp-includes/js/jquery/jquery.mina767.js]
[orgolife2.local/wp-includes/js/jquery/jquery-migrate.min6b00.js]
[orgolife2.local/wp-content/plugins/google-analytics-for-wordpress/assets/js/frontend-gtag.min9220.js]
[orgolife2.local/wp-includes/wlwmanifest.xml]
[orgolife2.local/wp-json/wp/v2/pages/2337.json]
[orgolife2.local/wp-json/index.html]
[orgolife2.local/wp-json/oembed/1.0/embed536e.json]
[orgolife2.local/wp-content/uploads/2022/10/cropped-favicon-32x32.png]
[orgolife2.local/wp-content/uploads/2022/10/cropped-favicon-192x192.png]
[orgolife2.local/wp-content/uploads/2022/10/cropped-favicon-180x180.png]
[orgolife2.local/wp-content/plugins/sitepress-multilingual-cms/res/flags/en.png]
[orgolife2.local/wp-content/plugins/elementor-pro/assets/css/widget-woocommerce.min.css]
[orgolife2.local/wp-content/uploads/elementor/thumbs/viral-marketing-q2i60gllyosravaui1xks75em4x2doffijar1yyqus.png]
[orgolife2.local/wp-content/plugins/elementor/assets/css/widget-icon-list.min.css]
[orgolife2.local/wp-content/uploads/elementor/thumbs/startup-q2i60hjg5iu1mh9hckc7cowv7isfldj5uny8j8xcok.png]
[orgolife2.local/wp-content/uploads/elementor/thumbs/certificate-q2i60gllyosravaui1xks75em4x2doffijar1yyqus.png]
[orgolife2.local/wp-content/uploads/2023/02/OrgoLife-2-glass-bottles.webp]
[orgolife2.local/index.html]
[orgolife2.local/wp-content/uploads/2023/01/healthy-herbal-drinks-chamomile-blossoms-natural-healer-concept_210733-2159-1-1024x683.jpg]
[orgolife2.local/wp-content/plugins/elementor-pro/assets/css/widget-flip-box.min.css]
[orgolife2.local/wp-content/plugins/elementor-pro/assets/css/widget-nav-menu.min.css]
[orgolife2.local/wp-content/uploads/elementor/css/post-3043f5.css]
[orgolife2.local/wp-content/plugins/elementor/assets/lib/animations/animations.mine56c.css]
[orgolife2.local/wp-content/plugins/woocommerce/assets/css/photoswipe/photoswipe.min56be.css]
[orgolife2.local/wp-content/plugins/woocommerce/assets/css/photoswipe/default-skin/default-skin.min56be.css]
[orgolife2.local/wp-content/themes/astra/assets/js/minified/frontend.mina352.js]
[orgolife2.local/product/coratina-extra-virgin-olive-oil/index.html]
[orgolife2.local/picual/index6f1a.html]
[orgolife2.local/wp-content/plugins/woocommerce/assets/js/jquery-blockui/jquery.blockUI.minb69f.js]
[orgolife2.local/picual/indexe6b6.html]
[orgolife2.local/product/picual-extra-virgin-olive-oil/index.html]
[orgolife2.local/wp-content/plugins/woocommerce/assets/js/frontend/add-to-cart.min56be.js]
[orgolife2.local/wp-content/plugins/woocommerce/assets/js/js-cookie/js.cookie.min44bd.js]
[orgolife2.local/wp-content/plugins/woocommerce/assets/js/frontend/woocommerce.min56be.js]
[orgolife2.local/indexc448.html]
[orgolife2.local/about/index.html]
[orgolife2.local/category/olive/index.html]
[orgolife2.local/wp-content/plugins/woocommerce/assets/js/frontend/cart-fragments.min56be.js]
[orgolife2.local/store/index.html]
[orgolife2.local/contact/index.html]
[orgolife2.local/wp-includes/js/dist/vendor/regenerator-runtime.min8fa4.js]
[orgolife2.local/wp-includes/js/dist/vendor/wp-polyfill.min2c7c.js]
[orgolife2.local/wp-includes/js/dist/hooks.min6c65.js]
[orgolife2.local/wp-includes/js/dist/i18n.mine57b.js]
[orgolife2.local/wp-content/plugins/woocommerce-google-analytics-integration/assets/js/build/actions7fc8.js]
[orgolife2.local/wp-content/plugins/woocommerce-multilingual/res/js/front-scripts.minfee8.js]
[orgolife2.local/wp-content/plugins/woocommerce-multilingual/res/js/cart_widget.minfee8.js]
[orgolife2.local/wp-content/plugins/essential-addons-for-elementor-lite/assets/front-end/js/view/general.mina78f.js]
[stats.wp.com/e-202318.js]
[orgolife2.local/wp-content/plugins/elementor-pro/assets/lib/lottie/lottie.min3f90.js]
[orgolife2.local/wp-content/plugins/google-listings-and-ads/js/build/gtag-events8d79.js]
[orgolife2.local/wp-content/plugins/elementor-pro/assets/js/webpack-pro.runtime.min0fca.js]
[orgolife2.local/wp-content/plugins/elementor/assets/js/webpack.runtime.mine56c.js]
[orgolife2.local/wp-content/plugins/elementor/assets/js/frontend-modules.mine56c.js]
[orgolife2.local/wp-content/plugins/elementor-pro/assets/js/frontend.min0fca.js]
[orgolife2.local/wp-content/plugins/elementor/assets/lib/waypoints/waypoints.min05da.js]
[orgolife2.local/wp-includes/js/jquery/ui/core.min3f14.js]
[orgolife2.local/wp-content/plugins/elementor/assets/js/frontend.mine56c.js]
[orgolife2.local/wp-content/plugins/elementor-pro/assets/js/elements-handlers.min0fca.js]
[orgolife2.local/wp-content/plugins/elementor-pro/assets/lib/sticky/jquery.sticky.min0fca.js]
[orgolife2.local/wp-content/plugins/woocommerce/assets/js/zoom/jquery.zoom.minc526.js]
[orgolife2.local/wp-content/plugins/woocommerce/assets/js/flexslider/jquery.flexslider.min5214.js]
[orgolife2.local/wp-content/plugins/woocommerce/assets/js/photoswipe/photoswipe.min2fa2.js]
[orgolife2.local/wp-content/plugins/woocommerce/assets/js/photoswipe/photoswipe-ui-default.min2fa2.js]
[orgolife2.local/wp-includes/js/underscore.mind584.js]
[orgolife2.local/wp-includes/js/wp-util.minae48.js]
[orgolife2.local/wp-content/plugins/woocommerce/assets/js/frontend/add-to-cart-variation.min56be.js]
[orgolife2.local/picual/index.html]
[orgolife2.local/wp-content/themes/astra/assets/css/minified/main.mina352.css]
[orgolife2.local/wp-includes/css/dist/block-library/style.minae48.css]
[orgolife2.local/wp-content/plugins/jetpack/jetpack_vendor/automattic/jetpack-videopress/build/block-editor/blocks/video/viewd197.css]
[orgolife2.local/wp-content/plugins/woocommerce/assets/js/frontend/single-product.min56be.js]
[orgolife2.local/wp-includes/js/mediaelement/mediaelementplayer-legacy.min1f61.css]
[orgolife2.local/wp-includes/js/mediaelement/wp-mediaelement.minae48.css]
[orgolife2.local/wp-content/plugins/woocommerce/packages/woocommerce-blocks/build/wc-blocks-vendors-style519f.css]
[orgolife2.local/wp-content/plugins/woocommerce/packages/woocommerce-blocks/build/wc-blocks-style519f.css]
[orgolife2.local/wp-content/themes/astra/assets/css/minified/compatibility/woocommerce/woocommerce-layout-grid.mina352.css]
[orgolife2.local/wp-content/themes/astra/assets/css/minified/compatibility/woocommerce/woocommerce-smallscreen-grid.mina352.css]
[orgolife2.local/wp-content/plugins/woocommerce/assets/fonts/star.eot]
[orgolife2.local/wp-content/plugins/woocommerce/assets/fonts/stard41d.eot]
[orgolife2.local/wp-content/plugins/woocommerce/assets/fonts/star.woff]
[orgolife2.local/wp-content/plugins/woocommerce/assets/fonts/star.ttf]
[orgolife2.local/wp-content/plugins/woocommerce/assets/fonts/WooCommerce.eot]
[orgolife2.local/wp-content/plugins/woocommerce/assets/fonts/WooCommerced41d.eot]
[orgolife2.local/wp-content/plugins/woocommerce/assets/fonts/WooCommerce.woff]
[orgolife2.local/wp-content/plugins/woocommerce/assets/fonts/WooCommerce.ttf]
[orgolife2.local/wp-content/plugins/woocommerce/assets/css/photoswipe/default-skin/default-skin.png]
[orgolife2.local/wp-content/themes/astra/assets/css/minified/compatibility/woocommerce/woocommerce-grid.mina352.css]
[orgolife2.local/wp-content/plugins/sitepress-multilingual-cms/templates/language-switchers/legacy-list-horizontal/style.min68b3.css]
[orgolife2.local/wp-content/plugins/elementor/assets/lib/eicons/fonts/eiconsd6bb.eot]
[orgolife2.local/wp-content/plugins/elementor/assets/lib/eicons/fonts/eiconsd6bb.ttf]
[orgolife2.local/wp-content/plugins/elementor/assets/lib/eicons/css/elementor-icons.min3b94.css]
[orgolife2.local/wp-content/plugins/elementor/assets/css/frontend-lite.mine56c.css]
[orgolife2.local/wp-content/plugins/elementor/assets/lib/swiper/css/swiper.min48f5.css]
[orgolife2.local/wp-content/uploads/elementor/css/post-2466b10.css]
[orgolife2.local/wp-content/plugins/elementor-pro/assets/css/frontend-lite.min0fca.css]
[orgolife2.local/wp-content/uploads/elementor/css/globalc4bc.css]
[orgolife2.local/wp-content/uploads/2023/02/pro-to-picual-plastic-bottle.webp]
[orgolife2.local/wp-content/uploads/2023/01/7.png]
[orgolife2.local/wp-content/uploads/2023/01/Coratina-English-Promo.png]
[orgolife2.local/wp-content/uploads/2023/01/5.png]
[orgolife2.local/wp-content/uploads/2023/01/Picual-English-Promo.png]
